---
source: src/inspect/detail/mod.rs
expression: "render_to_string(&app, 120, 24)"
---
" ○ overview › D tests/__fixtures__.py                                                                                   "
"┌────────────────────────────────────────────────────────────────┐┌ Preview ───────────────────────────────────────────┐"
"│D tests/__fixtures__.py                                         ││F db                                                │"
"│                                                                ││                                                    │"
"│  fixtures_count: 1                                             ││  scope: session                                    │"
"│                                                                ││  source: tests/__fixtures__.py                     │"
"│  Fixtures                                                      ││                                                    │"
"│    F db                                                        ││                                                    │"
"│                                                                ││                                                    │"
"│  Related                                                       ││                                                    │"
"│›   F  db                                                       ││                                                    │"
"│                                                                ││                                                    │"
"│                                                                ││                                                    │"
"│                                                                ││                                                    │"
"│                                                                ││                                                    │"
"│                                                                ││                                                    │"
"│                                                                ││                                                    │"
"│                                                                ││                                                    │"
"│                                                                ││                                                    │"
"│                                                                ││                                                    │"
"│                                                                ││                                                    │"
"│                                                                ││                                                    │"
"└────────────────────────────────────────────────────────────────┘└────────────────────────────────────────────────────┘"
" q Quit  / Search  ? Help  j/k Navigate  l Enter  h Back  H History                                                     "
