---
source: src/inspect/detail/mod.rs
expression: "render_to_string(&app, 120, 24)"
---
" ○ overview › H make_db                                                                                                 "
"┌────────────────────────────────────────────────────────────────┐┌ Preview ───────────────────────────────────────────┐"
"│H make_db                                                       ││C tests/conftest.py                                 │"
"│                                                                ││                                                    │"
"│  namespace: conftest                                           ││                                                    │"
"│  signature: make_db(name: str)                                 ││  Helpers (1)                                       │"
"│  source: tests/conftest.py                                     ││    H make_db                                       │"
"│  docstring: Create a test database.                            ││                                                    │"
"│                                                                ││                                                    │"
"│  Defined In                                                    ││                                                    │"
"│    C tests/conftest.py                                         ││                                                    │"
"│                                                                ││                                                    │"
"│  Related                                                       ││                                                    │"
"│›   C  tests/conftest.py                                        ││                                                    │"
"│                                                                ││                                                    │"
"│                                                                ││                                                    │"
"│                                                                ││                                                    │"
"│                                                                ││                                                    │"
"│                                                                ││                                                    │"
"│                                                                ││                                                    │"
"│                                                                ││                                                    │"
"│                                                                ││                                                    │"
"└────────────────────────────────────────────────────────────────┘└────────────────────────────────────────────────────┘"
" q Quit  / Search  ? Help  j/k Navigate  l Enter  h Back  H History  s Source  e Edit                                   "
