---
source: src/inspect/ui.rs
expression: "render_to_string(&app, 80, 4)"
---
"┌ Home ────────────────────────────┐┌ Detail ──────────────────────────────────┐"
"│No data loaded                    ││oxitest inspect                           │"
"└──────────────────────────────────┘└──────────────────────────────────────────┘"
" q Quit  / Search  ? Help  j/k Navigate  l Enter  h Back                        "
