---
source: src/inspect/ui.rs
expression: "render_to_string(&app, 80, 4)"
---
"┌ Home ────────────────────────────┐┌ Detail ──────────────────────────────────┐"
"│No data loaded                    ││oxitest inspect                           │"
"└──────────────────────────────────┘└──────────────────────────────────────────┘"
" /  Esc Cancel  Enter Accept  ↑/↓ Navigate                                      "
