---
source: src/inspect/ui.rs
expression: "render_to_string(&app, 80, 4)"
---
" ○ overview                                                                     "
"┌──────────────────────────────────────────┐┌ Preview ─────────────────────────┐"
"│No data loaded                            ││No data loaded                    │"
"└──────────────────────────────────────────┘└──────────────────────────────────┘"
