---
source: src/inspect/ui.rs
expression: "render_to_string(&app, 80, 12)"
---
"┌ Home ────────────────────────────┐┌ Detail ──────────────────────────────────┐"
"│ T  Tests (3)                     ││Select a node to view details             │"
"│ M  Marks (1)                     ││                                          │"
"│                                  ││                                          │"
"│                                  ││                                          │"
"│                                  ││                                          │"
"│                                  ││                                          │"
"│                                  ││                                          │"
"│                                  ││                                          │"
"│                                  ││                                          │"
"└──────────────────────────────────┘└──────────────────────────────────────────┘"
" q Quit  / Search  ? Help  j/k Navigate  l Enter  h Back                        "
