---
source: src/inspect/ui.rs
expression: "render_to_string(&app, 90, 24)"
---
"┌ Home ─────────────────────────────────┐┌ Detail ───────────────────────────────────────┐"
"│No data loaded                         ││No data loaded                                 │"
"│                                       ││                                               │"
"│                                       ││                                               │"
"│                                       ││                                               │"
"│                                       ││                                               │"
"│                                       ││                                               │"
"│                                       ││                                               │"
"│                                       ││                                               │"
"│                                       ││                                               │"
"│                                       ││                                               │"
"│                                       ││                                               │"
"│                                       ││                                               │"
"│                                       ││                                               │"
"│                                       ││                                               │"
"│                                       ││                                               │"
"│                                       ││                                               │"
"│                                       ││                                               │"
"│                                       ││                                               │"
"│                                       ││                                               │"
"│                                       ││                                               │"
"│                                       ││                                               │"
"└───────────────────────────────────────┘└───────────────────────────────────────────────┘"
" q Quit  / Search  ? Help  j/k Navigate  l Enter  h History                               "
