---
source: src/inspect/ui.rs
expression: "render_to_string(&app, 90, 24)"
---
" ○ overview                                                                               "
"┌───────────────────────────────────────────────┐┌ Preview ──────────────────────────────┐"
"│No data loaded                                 ││No data loaded                         │"
"│                                               ││                                       │"
"│                                               ││                                       │"
"│                                               ││                                       │"
"│                                               ││                                       │"
"│                                               ││                                       │"
"│                                               ││                                       │"
"│                                               ││                                       │"
"│                                               ││                                       │"
"│                                               ││                                       │"
"│                                               ││                                       │"
"│                                               ││                                       │"
"│                                               ││                                       │"
"│                                               ││                                       │"
"│                                               ││                                       │"
"│                                               ││                                       │"
"│                                               ││                                       │"
"│                                               ││                                       │"
"│                                               ││                                       │"
"│                                               ││                                       │"
"└───────────────────────────────────────────────┘└───────────────────────────────────────┘"
" q Quit  / Search  ? Help  j/k Navigate  l Enter  h Back  H History                       "
